[INFO] Scanning for projects...
[INFO] 
[INFO] ----------------< com.example:smart-campus-operations >-----------------
[INFO] Building smart-campus-operations 0.0.1-SNAPSHOT
[INFO]   from pom.xml
[INFO] --------------------------------[ jar ]---------------------------------
[INFO] 
[INFO] >>> spring-boot:3.4.1:run (default-cli) > test-compile @ smart-campus-operations >>>
[INFO] 
[INFO] --- resources:3.3.1:resources (default-resources) @ smart-campus-operations ---
[INFO] Copying 2 resources from src/main/resources to target/classes
[INFO] Copying 0 resource from src/main/resources to target/classes
[INFO] 
[INFO] --- compiler:3.13.0:compile (default-compile) @ smart-campus-operations ---
[INFO] Nothing to compile - all classes are up to date.
[INFO] 
[INFO] --- resources:3.3.1:testResources (default-testResources) @ smart-campus-operations ---
[INFO] skip non existing resourceDirectory /Users/duranka/user authenticTION AND NOTIFICATION/Smart-Campus-Operations/backend/src/test/resources
[INFO] 
[INFO] --- compiler:3.13.0:testCompile (default-testCompile) @ smart-campus-operations ---
[INFO] Nothing to compile - all classes are up to date.
[INFO] 
[INFO] <<< spring-boot:3.4.1:run (default-cli) < test-compile @ smart-campus-operations <<<
[INFO] 
[INFO] 
[INFO] --- spring-boot:3.4.1:run (default-cli) @ smart-campus-operations ---
[INFO] Attaching agents: []

  .   ____          _            __ _ _
 /\\ / ___'_ __ _ _(_)_ __  __ _ \ \ \ \
( ( )\___ | '_ | '_| | '_ \/ _` | \ \ \ \
 \\/  ___)| |_)| | | | | || (_| |  ) ) ) )
  '  |____| .__|_| |_|_| |_\__, | / / / /
 =========|_|==============|___/=/_/_/_/

 :: Spring Boot ::                (v3.4.1)

2026-04-18T11:00:34.429+05:30  INFO 99444 --- [smart-campus-operations] [           main] c.e.s.SmartCampusOperationsApplication   : Starting SmartCampusOperationsApplication using Java 24.0.2 with PID 99444 (/Users/duranka/user authenticTION AND NOTIFICATION/Smart-Campus-Operations/backend/target/classes started by duranka in /Users/duranka/user authenticTION AND NOTIFICATION/Smart-Campus-Operations/backend)
2026-04-18T11:00:34.429+05:30 DEBUG 99444 --- [smart-campus-operations] [           main] c.e.s.SmartCampusOperationsApplication   : Running with Spring Boot v3.4.1, Spring v6.2.1
2026-04-18T11:00:34.430+05:30  INFO 99444 --- [smart-campus-operations] [           main] c.e.s.SmartCampusOperationsApplication   : No active profile set, falling back to 1 default profile: "default"
2026-04-18T11:00:34.660+05:30  INFO 99444 --- [smart-campus-operations] [           main] .s.d.r.c.RepositoryConfigurationDelegate : Bootstrapping Spring Data JPA repositories in DEFAULT mode.
2026-04-18T11:00:34.680+05:30  INFO 99444 --- [smart-campus-operations] [           main] .s.d.r.c.RepositoryConfigurationDelegate : Finished Spring Data repository scanning in 17 ms. Found 3 JPA repository interfaces.
WARNING: A restricted method in java.lang.System has been called
WARNING: java.lang.System::load has been called by org.apache.tomcat.jni.Library in an unnamed module (file:/Users/duranka/.m2/repository/org/apache/tomcat/embed/tomcat-embed-core/10.1.34/tomcat-embed-core-10.1.34.jar)
WARNING: Use --enable-native-access=ALL-UNNAMED to avoid a warning for callers in this module
WARNING: Restricted methods will be blocked in a future release unless native access is enabled

2026-04-18T11:00:34.864+05:30  INFO 99444 --- [smart-campus-operations] [           main] o.s.b.w.embedded.tomcat.TomcatWebServer  : Tomcat initialized with port 8080 (http)
2026-04-18T11:00:34.869+05:30  INFO 99444 --- [smart-campus-operations] [           main] o.apache.catalina.core.StandardService   : Starting service [Tomcat]
2026-04-18T11:00:34.870+05:30  INFO 99444 --- [smart-campus-operations] [           main] o.apache.catalina.core.StandardEngine    : Starting Servlet engine: [Apache Tomcat/10.1.34]
2026-04-18T11:00:34.886+05:30  INFO 99444 --- [smart-campus-operations] [           main] o.a.c.c.C.[Tomcat].[localhost].[/]       : Initializing Spring embedded WebApplicationContext
2026-04-18T11:00:34.886+05:30  INFO 99444 --- [smart-campus-operations] [           main] w.s.c.ServletWebServerApplicationContext : Root WebApplicationContext: initialization completed in 442 ms
2026-04-18T11:00:34.944+05:30  INFO 99444 --- [smart-campus-operations] [           main] o.hibernate.jpa.internal.util.LogHelper  : HHH000204: Processing PersistenceUnitInfo [name: default]
2026-04-18T11:00:34.968+05:30  INFO 99444 --- [smart-campus-operations] [           main] org.hibernate.Version                    : HHH000412: Hibernate ORM core version 6.6.4.Final
2026-04-18T11:00:34.979+05:30  INFO 99444 --- [smart-campus-operations] [           main] o.h.c.internal.RegionFactoryInitiator    : HHH000026: Second-level cache disabled
2026-04-18T11:00:35.065+05:30  INFO 99444 --- [smart-campus-operations] [           main] o.s.o.j.p.SpringPersistenceUnitInfo      : No LoadTimeWeaver setup: ignoring JPA class transformer
2026-04-18T11:00:35.075+05:30  INFO 99444 --- [smart-campus-operations] [           main] com.zaxxer.hikari.HikariDataSource       : HikariPool-1 - Starting...
2026-04-18T11:00:35.209+05:30  INFO 99444 --- [smart-campus-operations] [           main] com.zaxxer.hikari.pool.HikariPool        : HikariPool-1 - Added connection com.mysql.cj.jdbc.ConnectionImpl@5fbae40
2026-04-18T11:00:35.209+05:30  INFO 99444 --- [smart-campus-operations] [           main] com.zaxxer.hikari.HikariDataSource       : HikariPool-1 - Start completed.
2026-04-18T11:00:35.229+05:30  WARN 99444 --- [smart-campus-operations] [           main] org.hibernate.orm.deprecation            : HHH90000025: MySQLDialect does not need to be specified explicitly using 'hibernate.dialect' (remove the property setting and it will be selected by default)
2026-04-18T11:00:35.234+05:30  INFO 99444 --- [smart-campus-operations] [           main] org.hibernate.orm.connections.pooling    : HHH10001005: Database info:
	Database JDBC URL [Connecting through datasource 'HikariDataSource (HikariPool-1)']
	Database driver: undefined/unknown
	Database version: 9.4
	Autocommit mode: undefined/unknown
	Isolation level: undefined/unknown
	Minimum pool size: undefined/unknown
	Maximum pool size: undefined/unknown
2026-04-18T11:00:35.513+05:30  INFO 99444 --- [smart-campus-operations] [           main] o.h.e.t.j.p.i.JtaPlatformInitiator       : HHH000489: No JTA platform available (set 'hibernate.transaction.jta.platform' to enable JTA platform integration)
2026-04-18T11:00:35.540+05:30  INFO 99444 --- [smart-campus-operations] [           main] j.LocalContainerEntityManagerFactoryBean : Initialized JPA EntityManagerFactory for persistence unit 'default'
2026-04-18T11:00:35.661+05:30  INFO 99444 --- [smart-campus-operations] [           main] o.s.d.j.r.query.QueryEnhancerFactory     : Hibernate is in classpath; If applicable, HQL parser will be used.
2026-04-18T11:00:36.169+05:30  INFO 99444 --- [smart-campus-operations] [           main] o.s.b.w.embedded.tomcat.TomcatWebServer  : Tomcat started on port 8080 (http) with context path '/'
2026-04-18T11:00:36.177+05:30  INFO 99444 --- [smart-campus-operations] [           main] c.e.s.SmartCampusOperationsApplication   : Started SmartCampusOperationsApplication in 1.882 seconds (process running for 1.993)
2026-04-18T11:01:16.875+05:30  INFO 99444 --- [smart-campus-operations] [nio-8080-exec-1] o.a.c.c.C.[Tomcat].[localhost].[/]       : Initializing Spring DispatcherServlet 'dispatcherServlet'
2026-04-18T11:01:16.875+05:30  INFO 99444 --- [smart-campus-operations] [nio-8080-exec-1] o.s.web.servlet.DispatcherServlet        : Initializing Servlet 'dispatcherServlet'
2026-04-18T11:01:16.877+05:30  INFO 99444 --- [smart-campus-operations] [nio-8080-exec-1] o.s.web.servlet.DispatcherServlet        : Completed initialization in 2 ms
[INFO] ------------------------------------------------------------------------
[INFO] BUILD FAILURE
[INFO] ------------------------------------------------------------------------
[INFO] Total time:  05:58 min
[INFO] Finished at: 2026-04-18T11:06:31+05:30
[INFO] ------------------------------------------------------------------------
[ERROR] Failed to execute goal org.springframework.boot:spring-boot-maven-plugin:3.4.1:run (default-cli) on project smart-campus-operations: Process terminated with exit code: 137 -> [Help 1]
[ERROR] 
[ERROR] To see the full stack trace of the errors, re-run Maven with the -e switch.
[ERROR] Re-run Maven using the -X switch to enable full debug logging.
[ERROR] 
[ERROR] For more information about the errors and possible solutions, please read the following articles:
[ERROR] [Help 1] http://cwiki.apache.org/confluence/display/MAVEN/MojoExecutionException
